
  .   ____          _            __ _ _
 /\\ / ___'_ __ _ _(_)_ __  __ _ \ \ \ \
( ( )\___ | '_ | '_| | '_ \/ _` | \ \ \ \
 \\/  ___)| |_)| | | | | || (_| |  ) ) ) )
  '  |____| .__|_| |_|_| |_\__, | / / / /
 =========|_|==============|___/=/_/_/_/
 :: Spring Boot ::                (v3.2.5)

2026-02-21T17:56:40.281-05:00  INFO 1564 --- [plazoleta-service] [           main] c.p.p.PlazoletaServiceApplication        : Starting PlazoletaServiceApplication using Java 21.0.2 with PID 1564 (C:\Users\sebas\OneDrive\Escritorio\proyecto-plazoleta\plazoleta-service\target\classes started by sebas in C:\Users\sebas\OneDrive\Escritorio\proyecto-plazoleta\plazoleta-service)
2026-02-21T17:56:40.287-05:00  INFO 1564 --- [plazoleta-service] [           main] c.p.p.PlazoletaServiceApplication        : No active profile set, falling back to 1 default profile: "default"
2026-02-21T17:56:41.152-05:00 DEBUG 1564 --- [plazoleta-service] [           main] o.s.c.openfeign.FeignClientsRegistrar$1  : Identified candidate component class: file [C:\Users\sebas\OneDrive\Escritorio\proyecto-plazoleta\plazoleta-service\target\classes\com\plazoleta\plazoleta_service\infrastructure\feign\client\IUsuarioFeignClient.class]
2026-02-21T17:56:41.412-05:00  INFO 1564 --- [plazoleta-service] [           main] .s.d.r.c.RepositoryConfigurationDelegate : Bootstrapping Spring Data JPA repositories in DEFAULT mode.
2026-02-21T17:56:41.500-05:00  INFO 1564 --- [plazoleta-service] [           main] .s.d.r.c.RepositoryConfigurationDelegate : Finished Spring Data repository scanning in 81 ms. Found 2 JPA repository interfaces.
2026-02-21T17:56:41.775-05:00  INFO 1564 --- [plazoleta-service] [           main] o.s.cloud.context.scope.GenericScope     : BeanFactory id=5c2a062d-a661-3dc8-ad18-7d204e29a458
2026-02-21T17:56:42.283-05:00  INFO 1564 --- [plazoleta-service] [           main] o.s.b.w.embedded.tomcat.TomcatWebServer  : Tomcat initialized with port 8081 (http)
2026-02-21T17:56:42.302-05:00  INFO 1564 --- [plazoleta-service] [           main] o.apache.catalina.core.StandardService   : Starting service [Tomcat]
2026-02-21T17:56:42.303-05:00  INFO 1564 --- [plazoleta-service] [           main] o.apache.catalina.core.StandardEngine    : Starting Servlet engine: [Apache Tomcat/10.1.20]
2026-02-21T17:56:42.389-05:00  INFO 1564 --- [plazoleta-service] [           main] o.a.c.c.C.[Tomcat].[localhost].[/]       : Initializing Spring embedded WebApplicationContext
2026-02-21T17:56:42.391-05:00  INFO 1564 --- [plazoleta-service] [           main] w.s.c.ServletWebServerApplicationContext : Root WebApplicationContext: initialization completed in 2032 ms
2026-02-21T17:56:42.612-05:00  INFO 1564 --- [plazoleta-service] [           main] o.hibernate.jpa.internal.util.LogHelper  : HHH000204: Processing PersistenceUnitInfo [name: default]
2026-02-21T17:56:42.673-05:00  INFO 1564 --- [plazoleta-service] [           main] org.hibernate.Version                    : HHH000412: Hibernate ORM core version 6.4.4.Final
2026-02-21T17:56:42.709-05:00  INFO 1564 --- [plazoleta-service] [           main] o.h.c.internal.RegionFactoryInitiator    : HHH000026: Second-level cache disabled
2026-02-21T17:56:42.957-05:00  INFO 1564 --- [plazoleta-service] [           main] o.s.o.j.p.SpringPersistenceUnitInfo      : No LoadTimeWeaver setup: ignoring JPA class transformer
2026-02-21T17:56:42.990-05:00  INFO 1564 --- [plazoleta-service] [           main] com.zaxxer.hikari.HikariDataSource       : HikariPool-1 - Starting...
2026-02-21T17:56:43.398-05:00  INFO 1564 --- [plazoleta-service] [           main] com.zaxxer.hikari.pool.HikariPool        : HikariPool-1 - Added connection com.mysql.cj.jdbc.ConnectionImpl@77ba583
2026-02-21T17:56:43.400-05:00  INFO 1564 --- [plazoleta-service] [           main] com.zaxxer.hikari.HikariDataSource       : HikariPool-1 - Start completed.
2026-02-21T17:56:44.706-05:00  INFO 1564 --- [plazoleta-service] [           main] o.h.e.t.j.p.i.JtaPlatformInitiator       : HHH000489: No JTA platform available (set 'hibernate.transaction.jta.platform' to enable JTA platform integration)
2026-02-21T17:56:44.811-05:00  INFO 1564 --- [plazoleta-service] [           main] j.LocalContainerEntityManagerFactoryBean : Initialized JPA EntityManagerFactory for persistence unit 'default'
2026-02-21T17:56:45.182-05:00 DEBUG 1564 --- [plazoleta-service] [           main] o.s.c.openfeign.FeignClientFactoryBean   : Creating a FeignClientFactoryBean.
2026-02-21T17:56:45.482-05:00  WARN 1564 --- [plazoleta-service] [           main] .s.s.UserDetailsServiceAutoConfiguration : 

Using generated security password: b183b160-f723-454d-b0dc-06c77c88446e

This generated password is for development use only. Your security configuration must be updated before running your application in production.

2026-02-21T17:56:45.866-05:00  INFO 1564 --- [plazoleta-service] [           main] o.s.s.web.DefaultSecurityFilterChain     : Will secure any request with [org.springframework.security.web.session.DisableEncodeUrlFilter@d970881, org.springframework.security.web.context.request.async.WebAsyncManagerIntegrationFilter@153cf928, org.springframework.security.web.context.SecurityContextHolderFilter@6a887649, org.springframework.security.web.header.HeaderWriterFilter@174d5cf7, org.springframework.web.filter.CorsFilter@4884350b, org.springframework.security.web.authentication.logout.LogoutFilter@d082916, com.plazoleta.plazoleta_service.infrastructure.security.filter.JwtAuthenticationFilter@75cf0de5, org.springframework.security.web.savedrequest.RequestCacheAwareFilter@27ada0e8, org.springframework.security.web.servletapi.SecurityContextHolderAwareRequestFilter@62fa4a88, org.springframework.security.web.authentication.AnonymousAuthenticationFilter@53cba89f, org.springframework.security.web.session.SessionManagementFilter@190cc39e, org.springframework.security.web.access.ExceptionTranslationFilter@7d48299e, org.springframework.security.web.access.intercept.AuthorizationFilter@54a98358]
2026-02-21T17:56:47.201-05:00  INFO 1564 --- [plazoleta-service] [           main] o.s.cloud.commons.util.InetUtils         : Cannot determine local hostname
2026-02-21T17:56:47.255-05:00  INFO 1564 --- [plazoleta-service] [           main] o.s.b.w.embedded.tomcat.TomcatWebServer  : Tomcat started on port 8081 (http) with context path ''
2026-02-21T17:56:48.273-05:00  INFO 1564 --- [plazoleta-service] [           main] o.s.cloud.commons.util.InetUtils         : Cannot determine local hostname
2026-02-21T17:56:48.281-05:00  INFO 1564 --- [plazoleta-service] [           main] c.p.p.PlazoletaServiceApplication        : Started PlazoletaServiceApplication in 9.651 seconds (process running for 10.281)
[ERROR] Failed to execute goal org.springframework.boot:spring-boot-maven-plugin:3.2.5:run (default-cli) on project plazoleta-service: Process terminated with exit code: -1 -> [Help 1]
[ERROR] 
[ERROR] To see the full stack trace of the errors, re-run Maven with the -e switch.
[ERROR] Re-run Maven using the -X switch to enable full debug logging.
[ERROR] 
[ERROR] For more information about the errors and possible solutions, please read the following articles:
[ERROR] [Help 1] http://cwiki.apache.org/confluence/display/MAVEN/MojoExecutionException
