[INFO] Scanning for projects...
[INFO] 
[INFO] -----------------< com.plazoleta:trazabilidad_service >-----------------
[INFO] Building trazabilidad_service 0.0.1-SNAPSHOT
[INFO]   from pom.xml
[INFO] --------------------------------[ jar ]---------------------------------
[INFO] 
[INFO] >>> spring-boot:3.2.5:run (default-cli) > test-compile @ trazabilidad_service >>>
[INFO] 
[INFO] --- jacoco:0.8.12:prepare-agent (prepare-agent) @ trazabilidad_service ---
[INFO] argLine set to -javaagent:C:\\Users\\sebas\\.m2\\repository\\org\\jacoco\\org.jacoco.agent\\0.8.12\\org.jacoco.agent-0.8.12-runtime.jar=destfile=C:\\Users\\sebas\\OneDrive\\Escritorio\\proyecto-plazoleta\\trazabilidad_service\\target\\jacoco.exec
[INFO] 
[INFO] --- resources:3.3.1:resources (default-resources) @ trazabilidad_service ---
[INFO] Copying 1 resource from src\main\resources to target\classes
[INFO] Copying 0 resource from src\main\resources to target\classes
[INFO] 
[INFO] --- compiler:3.11.0:compile (default-compile) @ trazabilidad_service ---
[INFO] Nothing to compile - all classes are up to date
[INFO] 
[INFO] --- resources:3.3.1:testResources (default-testResources) @ trazabilidad_service ---
[INFO] Not copying test resources
[INFO] 
[INFO] --- compiler:3.11.0:testCompile (default-testCompile) @ trazabilidad_service ---
[INFO] Not compiling test sources
[INFO] 
[INFO] <<< spring-boot:3.2.5:run (default-cli) < test-compile @ trazabilidad_service <<<
[INFO] 
[INFO] 
[INFO] --- spring-boot:3.2.5:run (default-cli) @ trazabilidad_service ---
[INFO] Attaching agents: []

  .   ____          _            __ _ _
 /\\ / ___'_ __ _ _(_)_ __  __ _ \ \ \ \
( ( )\___ | '_ | '_| | '_ \/ _` | \ \ \ \
 \\/  ___)| |_)| | | | | || (_| |  ) ) ) )
  '  |____| .__|_| |_|_| |_\__, | / / / /
 =========|_|==============|___/=/_/_/_/
 :: Spring Boot ::                (v3.2.5)

2026-03-02T21:16:16.626-05:00  INFO 38776 --- [trazabilidad_service] [           main] c.p.t.TrazabilidadServiceApplication     : Starting TrazabilidadServiceApplication using Java 21.0.2 with PID 38776 (C:\Users\sebas\OneDrive\Escritorio\proyecto-plazoleta\trazabilidad_service\target\classes started by sebas in C:\Users\sebas\OneDrive\Escritorio\proyecto-plazoleta\trazabilidad_service)
2026-03-02T21:16:16.629-05:00  INFO 38776 --- [trazabilidad_service] [           main] c.p.t.TrazabilidadServiceApplication     : No active profile set, falling back to 1 default profile: "default"
2026-03-02T21:16:17.716-05:00  INFO 38776 --- [trazabilidad_service] [           main] .s.d.r.c.RepositoryConfigurationDelegate : Bootstrapping Spring Data MongoDB repositories in DEFAULT mode.
2026-03-02T21:16:17.778-05:00  INFO 38776 --- [trazabilidad_service] [           main] .s.d.r.c.RepositoryConfigurationDelegate : Finished Spring Data repository scanning in 57 ms. Found 1 MongoDB repository interface.
2026-03-02T21:16:18.344-05:00  INFO 38776 --- [trazabilidad_service] [           main] o.s.b.w.embedded.tomcat.TomcatWebServer  : Tomcat initialized with port 8082 (http)
2026-03-02T21:16:18.357-05:00  INFO 38776 --- [trazabilidad_service] [           main] o.apache.catalina.core.StandardService   : Starting service [Tomcat]
2026-03-02T21:16:18.358-05:00  INFO 38776 --- [trazabilidad_service] [           main] o.apache.catalina.core.StandardEngine    : Starting Servlet engine: [Apache Tomcat/10.1.20]
2026-03-02T21:16:18.429-05:00  INFO 38776 --- [trazabilidad_service] [           main] o.a.c.c.C.[Tomcat].[localhost].[/]       : Initializing Spring embedded WebApplicationContext
2026-03-02T21:16:18.429-05:00  INFO 38776 --- [trazabilidad_service] [           main] w.s.c.ServletWebServerApplicationContext : Root WebApplicationContext: initialization completed in 1747 ms
2026-03-02T21:16:18.731-05:00  INFO 38776 --- [trazabilidad_service] [           main] org.mongodb.driver.client                : MongoClient with metadata {"driver": {"name": "mongo-java-driver|sync|spring-boot", "version": "4.11.2"}, "os": {"type": "Windows", "name": "Windows 11", "architecture": "amd64", "version": "10.0"}, "platform": "Java/Oracle Corporation/21.0.2+13-LTS-58"} created with settings MongoClientSettings{readPreference=primary, writeConcern=WriteConcern{w=null, wTimeout=null ms, journal=null}, retryWrites=true, retryReads=true, readConcern=ReadConcern{level=null}, credential=MongoCredential{mechanism=null, userName='root', source='admin', password=<hidden>, mechanismProperties=<hidden>}, transportSettings=null, streamFactoryFactory=null, commandListeners=[], codecRegistry=ProvidersCodecRegistry{codecProviders=[ValueCodecProvider{}, BsonValueCodecProvider{}, DBRefCodecProvider{}, DBObjectCodecProvider{}, DocumentCodecProvider{}, CollectionCodecProvider{}, IterableCodecProvider{}, MapCodecProvider{}, GeoJsonCodecProvider{}, GridFSFileCodecProvider{}, Jsr310CodecProvider{}, JsonObjectCodecProvider{}, BsonCodecProvider{}, EnumCodecProvider{}, com.mongodb.client.model.mql.ExpressionCodecProvider@575cabf0, com.mongodb.Jep395RecordCodecProvider@433d9680, com.mongodb.KotlinCodecProvider@566e142]}, loggerSettings=LoggerSettings{maxDocumentLength=1000}, clusterSettings={hosts=[localhost:27017], srvServiceName=mongodb, mode=SINGLE, requiredClusterType=UNKNOWN, requiredReplicaSetName='null', serverSelector='null', clusterListeners='[]', serverSelectionTimeout='30000 ms', localThreshold='15 ms'}, socketSettings=SocketSettings{connectTimeoutMS=10000, readTimeoutMS=0, receiveBufferSize=0, proxySettings=ProxySettings{host=null, port=null, username=null, password=null}}, heartbeatSocketSettings=SocketSettings{connectTimeoutMS=10000, readTimeoutMS=10000, receiveBufferSize=0, proxySettings=ProxySettings{host=null, port=null, username=null, password=null}}, connectionPoolSettings=ConnectionPoolSettings{maxSize=100, minSize=0, maxWaitTimeMS=120000, maxConnectionLifeTimeMS=0, maxConnectionIdleTimeMS=0, maintenanceInitialDelayMS=0, maintenanceFrequencyMS=60000, connectionPoolListeners=[], maxConnecting=2}, serverSettings=ServerSettings{heartbeatFrequencyMS=10000, minHeartbeatFrequencyMS=500, serverListeners='[]', serverMonitorListeners='[]'}, sslSettings=SslSettings{enabled=false, invalidHostNameAllowed=false, context=null}, applicationName='null', compressorList=[], uuidRepresentation=JAVA_LEGACY, serverApi=null, autoEncryptionSettings=null, dnsClient=null, inetAddressResolver=null, contextProvider=null}
2026-03-02T21:16:18.788-05:00  INFO 38776 --- [trazabilidad_service] [localhost:27017] org.mongodb.driver.cluster               : Monitor thread successfully connected to server with description ServerDescription{address=localhost:27017, type=STANDALONE, state=CONNECTED, ok=true, minWireVersion=0, maxWireVersion=27, maxDocumentSize=16777216, logicalSessionTimeoutMinutes=30, roundTripTimeNanos=41768400}
2026-03-02T21:16:19.354-05:00  WARN 38776 --- [trazabilidad_service] [           main] .s.s.UserDetailsServiceAutoConfiguration : 

Using generated security password: ab8bc002-0210-45e3-b6ed-4659086af40a

This generated password is for development use only. Your security configuration must be updated before running your application in production.

2026-03-02T21:16:19.756-05:00  INFO 38776 --- [trazabilidad_service] [           main] o.s.s.web.DefaultSecurityFilterChain     : Will secure any request with [org.springframework.security.web.session.DisableEncodeUrlFilter@30afb481, org.springframework.security.web.context.request.async.WebAsyncManagerIntegrationFilter@5c573229, org.springframework.security.web.context.SecurityContextHolderFilter@77e9dca8, org.springframework.security.web.header.HeaderWriterFilter@c318864, org.springframework.web.filter.CorsFilter@77ecdc2b, org.springframework.security.web.authentication.logout.LogoutFilter@6c27e700, com.plazoleta.trazabilidad_service.infrastructure.security.filter.JwtAuthenticationFilter@40fa8766, org.springframework.security.web.savedrequest.RequestCacheAwareFilter@4e4d0a0b, org.springframework.security.web.servletapi.SecurityContextHolderAwareRequestFilter@1a4083f6, org.springframework.security.web.authentication.AnonymousAuthenticationFilter@714f1a44, org.springframework.security.web.session.SessionManagementFilter@eded048, org.springframework.security.web.access.ExceptionTranslationFilter@1a345298, org.springframework.security.web.access.intercept.AuthorizationFilter@66715ca9]
2026-03-02T21:16:20.088-05:00  INFO 38776 --- [trazabilidad_service] [           main] o.s.b.w.embedded.tomcat.TomcatWebServer  : Tomcat started on port 8082 (http) with context path ''
2026-03-02T21:16:20.096-05:00  INFO 38776 --- [trazabilidad_service] [           main] c.p.t.TrazabilidadServiceApplication     : Started TrazabilidadServiceApplication in 3.965 seconds (process running for 4.432)
2026-03-02T21:16:22.112-05:00  INFO 38776 --- [trazabilidad_service] [nio-8082-exec-4] o.a.c.c.C.[Tomcat].[localhost].[/]       : Initializing Spring DispatcherServlet 'dispatcherServlet'
2026-03-02T21:16:22.112-05:00  INFO 38776 --- [trazabilidad_service] [nio-8082-exec-4] o.s.web.servlet.DispatcherServlet        : Initializing Servlet 'dispatcherServlet'
2026-03-02T21:16:22.114-05:00  INFO 38776 --- [trazabilidad_service] [nio-8082-exec-4] o.s.web.servlet.DispatcherServlet        : Completed initialization in 1 ms
2026-03-02T21:16:22.128-05:00 DEBUG 38776 --- [trazabilidad_service] [nio-8082-exec-4] o.s.security.web.FilterChainProxy        : Securing GET /
2026-03-02T21:16:22.135-05:00 DEBUG 38776 --- [trazabilidad_service] [nio-8082-exec-4] o.s.s.w.a.AnonymousAuthenticationFilter  : Set SecurityContextHolder to anonymous SecurityContext
2026-03-02T21:16:22.138-05:00 DEBUG 38776 --- [trazabilidad_service] [nio-8082-exec-4] o.s.s.w.a.Http403ForbiddenEntryPoint     : Pre-authenticated entry point called. Rejecting access
2026-03-02T21:16:22.150-05:00 DEBUG 38776 --- [trazabilidad_service] [nio-8082-exec-4] o.s.security.web.FilterChainProxy        : Securing GET /error
2026-03-02T21:16:22.152-05:00 DEBUG 38776 --- [trazabilidad_service] [nio-8082-exec-4] o.s.s.w.a.AnonymousAuthenticationFilter  : Set SecurityContextHolder to anonymous SecurityContext
2026-03-02T21:16:22.152-05:00 DEBUG 38776 --- [trazabilidad_service] [nio-8082-exec-4] o.s.s.w.a.Http403ForbiddenEntryPoint     : Pre-authenticated entry point called. Rejecting access
