[INFO] Scanning for projects...
[INFO] 
[INFO] -------------------< com.plazoleta:usuarios-service >-------------------
[INFO] Building usuarios-service 0.0.1-SNAPSHOT
[INFO]   from pom.xml
[INFO] --------------------------------[ jar ]---------------------------------
[INFO] 
[INFO] >>> spring-boot:3.2.5:run (default-cli) > test-compile @ usuarios-service >>>
[INFO] 
[INFO] --- jacoco:0.8.12:prepare-agent (prepare-agent) @ usuarios-service ---
[INFO] argLine set to -javaagent:C:\\Users\\sebas\\.m2\\repository\\org\\jacoco\\org.jacoco.agent\\0.8.12\\org.jacoco.agent-0.8.12-runtime.jar=destfile=C:\\Users\\sebas\\OneDrive\\Escritorio\\proyecto-plazoleta\\usuarios-service\\target\\jacoco.exec
[INFO] 
[INFO] --- resources:3.3.1:resources (default-resources) @ usuarios-service ---
[INFO] Copying 1 resource from src\main\resources to target\classes
[INFO] Copying 1 resource from src\main\resources to target\classes
[INFO] 
[INFO] --- compiler:3.11.0:compile (default-compile) @ usuarios-service ---
[INFO] Nothing to compile - all classes are up to date
[INFO] 
[INFO] --- resources:3.3.1:testResources (default-testResources) @ usuarios-service ---
[INFO] Not copying test resources
[INFO] 
[INFO] --- compiler:3.11.0:testCompile (default-testCompile) @ usuarios-service ---
[INFO] Not compiling test sources
[INFO] 
[INFO] <<< spring-boot:3.2.5:run (default-cli) < test-compile @ usuarios-service <<<
[INFO] 
[INFO] 
[INFO] --- spring-boot:3.2.5:run (default-cli) @ usuarios-service ---
[INFO] Attaching agents: []

  .   ____          _            __ _ _
 /\\ / ___'_ __ _ _(_)_ __  __ _ \ \ \ \
( ( )\___ | '_ | '_| | '_ \/ _` | \ \ \ \
 \\/  ___)| |_)| | | | | || (_| |  ) ) ) )
  '  |____| .__|_| |_|_| |_\__, | / / / /
 =========|_|==============|___/=/_/_/_/
 :: Spring Boot ::                (v3.2.5)

2026-03-02T21:15:42.401-05:00  INFO 31136 --- [usuarios-service] [  restartedMain] c.p.u.UsuariosServiceApplication         : Starting UsuariosServiceApplication using Java 21.0.2 with PID 31136 (C:\Users\sebas\OneDrive\Escritorio\proyecto-plazoleta\usuarios-service\target\classes started by sebas in C:\Users\sebas\OneDrive\Escritorio\proyecto-plazoleta\usuarios-service)
2026-03-02T21:15:42.404-05:00  INFO 31136 --- [usuarios-service] [  restartedMain] c.p.u.UsuariosServiceApplication         : No active profile set, falling back to 1 default profile: "default"
2026-03-02T21:15:42.467-05:00  INFO 31136 --- [usuarios-service] [  restartedMain] .e.DevToolsPropertyDefaultsPostProcessor : Devtools property defaults active! Set 'spring.devtools.add-properties' to 'false' to disable
2026-03-02T21:15:42.469-05:00  INFO 31136 --- [usuarios-service] [  restartedMain] .e.DevToolsPropertyDefaultsPostProcessor : For additional web related logging consider setting the 'logging.level.web' property to 'DEBUG'
2026-03-02T21:15:43.580-05:00  INFO 31136 --- [usuarios-service] [  restartedMain] .s.d.r.c.RepositoryConfigurationDelegate : Bootstrapping Spring Data JPA repositories in DEFAULT mode.
2026-03-02T21:15:43.666-05:00  INFO 31136 --- [usuarios-service] [  restartedMain] .s.d.r.c.RepositoryConfigurationDelegate : Finished Spring Data repository scanning in 76 ms. Found 3 JPA repository interfaces.
2026-03-02T21:15:43.941-05:00  INFO 31136 --- [usuarios-service] [  restartedMain] o.s.cloud.context.scope.GenericScope     : BeanFactory id=6b92261d-f511-32ed-b25f-9a1cea2b9cc0
2026-03-02T21:15:44.626-05:00  INFO 31136 --- [usuarios-service] [  restartedMain] o.s.b.w.embedded.tomcat.TomcatWebServer  : Tomcat initialized with port 8080 (http)
2026-03-02T21:15:44.652-05:00  INFO 31136 --- [usuarios-service] [  restartedMain] o.apache.catalina.core.StandardService   : Starting service [Tomcat]
2026-03-02T21:15:44.653-05:00  INFO 31136 --- [usuarios-service] [  restartedMain] o.apache.catalina.core.StandardEngine    : Starting Servlet engine: [Apache Tomcat/10.1.20]
2026-03-02T21:15:44.731-05:00  INFO 31136 --- [usuarios-service] [  restartedMain] o.a.c.c.C.[Tomcat].[localhost].[/]       : Initializing Spring embedded WebApplicationContext
2026-03-02T21:15:44.733-05:00  INFO 31136 --- [usuarios-service] [  restartedMain] w.s.c.ServletWebServerApplicationContext : Root WebApplicationContext: initialization completed in 2262 ms
2026-03-02T21:15:44.943-05:00  INFO 31136 --- [usuarios-service] [  restartedMain] o.hibernate.jpa.internal.util.LogHelper  : HHH000204: Processing PersistenceUnitInfo [name: default]
2026-03-02T21:15:45.043-05:00  INFO 31136 --- [usuarios-service] [  restartedMain] org.hibernate.Version                    : HHH000412: Hibernate ORM core version 6.4.4.Final
2026-03-02T21:15:45.093-05:00  INFO 31136 --- [usuarios-service] [  restartedMain] o.h.c.internal.RegionFactoryInitiator    : HHH000026: Second-level cache disabled
2026-03-02T21:15:45.328-05:00  INFO 31136 --- [usuarios-service] [  restartedMain] o.s.o.j.p.SpringPersistenceUnitInfo      : No LoadTimeWeaver setup: ignoring JPA class transformer
2026-03-02T21:15:45.365-05:00  INFO 31136 --- [usuarios-service] [  restartedMain] com.zaxxer.hikari.HikariDataSource       : HikariPool-1 - Starting...
2026-03-02T21:15:45.812-05:00  INFO 31136 --- [usuarios-service] [  restartedMain] com.zaxxer.hikari.pool.HikariPool        : HikariPool-1 - Added connection com.mysql.cj.jdbc.ConnectionImpl@7cfecd4e
2026-03-02T21:15:45.815-05:00  INFO 31136 --- [usuarios-service] [  restartedMain] com.zaxxer.hikari.HikariDataSource       : HikariPool-1 - Start completed.
2026-03-02T21:15:47.164-05:00  INFO 31136 --- [usuarios-service] [  restartedMain] o.h.e.t.j.p.i.JtaPlatformInitiator       : HHH000489: No JTA platform available (set 'hibernate.transaction.jta.platform' to enable JTA platform integration)
2026-03-02T21:15:47.328-05:00  INFO 31136 --- [usuarios-service] [  restartedMain] j.LocalContainerEntityManagerFactoryBean : Initialized JPA EntityManagerFactory for persistence unit 'default'
2026-03-02T21:15:47.911-05:00  WARN 31136 --- [usuarios-service] [  restartedMain] JpaBaseConfiguration$JpaWebConfiguration : spring.jpa.open-in-view is enabled by default. Therefore, database queries may be performed during view rendering. Explicitly configure spring.jpa.open-in-view to disable this warning
2026-03-02T21:15:47.943-05:00  INFO 31136 --- [usuarios-service] [  restartedMain] o.s.b.d.a.OptionalLiveReloadServer       : LiveReload server is running on port 35729
2026-03-02T21:15:48.073-05:00  WARN 31136 --- [usuarios-service] [  restartedMain] .s.s.UserDetailsServiceAutoConfiguration : 

Using generated security password: 6714820a-f615-4424-823b-23ae728b91e6

This generated password is for development use only. Your security configuration must be updated before running your application in production.

2026-03-02T21:15:48.438-05:00  INFO 31136 --- [usuarios-service] [  restartedMain] o.s.s.web.DefaultSecurityFilterChain     : Will secure any request with [org.springframework.security.web.session.DisableEncodeUrlFilter@21f52333, org.springframework.security.web.context.request.async.WebAsyncManagerIntegrationFilter@3e9c99eb, org.springframework.security.web.context.SecurityContextHolderFilter@55190174, org.springframework.security.web.header.HeaderWriterFilter@35cc89ec, org.springframework.web.filter.CorsFilter@312311fd, org.springframework.security.web.authentication.logout.LogoutFilter@ccda0a7, com.plazoleta.usuarios_service.infrastructure.security.filter.JwtAuthenticationFilter@46b98af1, org.springframework.security.web.savedrequest.RequestCacheAwareFilter@50f52c8, org.springframework.security.web.servletapi.SecurityContextHolderAwareRequestFilter@52e78f26, org.springframework.security.web.authentication.AnonymousAuthenticationFilter@23df7147, org.springframework.security.web.session.SessionManagementFilter@6034144a, org.springframework.security.web.access.ExceptionTranslationFilter@518def5f, org.springframework.security.web.access.intercept.AuthorizationFilter@2b3a8be]
2026-03-02T21:15:49.901-05:00  INFO 31136 --- [usuarios-service] [  restartedMain] o.s.cloud.commons.util.InetUtils         : Cannot determine local hostname
2026-03-02T21:15:49.963-05:00  INFO 31136 --- [usuarios-service] [  restartedMain] o.s.b.w.embedded.tomcat.TomcatWebServer  : Tomcat started on port 8080 (http) with context path ''
2026-03-02T21:15:50.982-05:00  INFO 31136 --- [usuarios-service] [  restartedMain] o.s.cloud.commons.util.InetUtils         : Cannot determine local hostname
2026-03-02T21:15:50.991-05:00  INFO 31136 --- [usuarios-service] [  restartedMain] c.p.u.UsuariosServiceApplication         : Started UsuariosServiceApplication in 10.132 seconds (process running for 10.792)
2026-03-02T21:15:51.585-05:00  INFO 31136 --- [usuarios-service] [nio-8080-exec-1] o.a.c.c.C.[Tomcat].[localhost].[/]       : Initializing Spring DispatcherServlet 'dispatcherServlet'
2026-03-02T21:15:51.586-05:00  INFO 31136 --- [usuarios-service] [nio-8080-exec-1] o.s.web.servlet.DispatcherServlet        : Initializing Servlet 'dispatcherServlet'
2026-03-02T21:15:51.588-05:00  INFO 31136 --- [usuarios-service] [nio-8080-exec-1] o.s.web.servlet.DispatcherServlet        : Completed initialization in 2 ms
Hibernate: select re1_0.id,re1_0.descripcion,re1_0.nombre from rol re1_0 where re1_0.nombre=?
Hibernate: select ue1_0.id from usuarios ue1_0 where ue1_0.correo=? limit ?
Hibernate: select null,re1_0.descripcion,re1_0.nombre from rol re1_0 where re1_0.id=?
Hibernate: insert into usuarios (apellido,celular,correo,documento_identidad,fecha_nacimiento,nombre,password,rol_id) values (?,?,?,?,?,?,?,?)
Hibernate: select ere1_0.id,ere1_0.id_restaurante,ere1_0.usuario_id from empleado_restaurante ere1_0 join usuarios u1_0 on u1_0.id=ere1_0.usuario_id where u1_0.id=?
Hibernate: insert into empleado_restaurante (id_restaurante,usuario_id) values (?,?)
2026-03-02T21:39:04.702-05:00  WARN 31136 --- [usuarios-service] [l-1 housekeeper] com.zaxxer.hikari.pool.HikariPool        : HikariPool-1 - Thread starvation or clock leap detected (housekeeper delta=1m18s545ms297µs800ns).
2026-03-03T01:09:32.225-05:00  WARN 31136 --- [usuarios-service] [l-1 housekeeper] com.zaxxer.hikari.pool.HikariPool        : HikariPool-1 - Thread starvation or clock leap detected (housekeeper delta=3h27s196ms630µs100ns).
2026-03-03T08:45:32.470-05:00  WARN 31136 --- [usuarios-service] [l-1 housekeeper] com.zaxxer.hikari.pool.HikariPool        : HikariPool-1 - Thread starvation or clock leap detected (housekeeper delta=7h36m3s337ms836µs700ns).
2026-03-03T10:40:47.016-05:00  WARN 31136 --- [usuarios-service] [l-1 housekeeper] com.zaxxer.hikari.pool.HikariPool        : HikariPool-1 - Thread starvation or clock leap detected (housekeeper delta=1h3m43s612ms709µs100ns).
2026-03-03T14:14:01.356-05:00  WARN 31136 --- [usuarios-service] [l-1 housekeeper] com.zaxxer.hikari.pool.HikariPool        : HikariPool-1 - Thread starvation or clock leap detected (housekeeper delta=2h11m43s110ms274µs900ns).
2026-03-03T15:23:35.121-05:00  WARN 31136 --- [usuarios-service] [l-1 housekeeper] com.zaxxer.hikari.pool.HikariPool        : HikariPool-1 - Thread starvation or clock leap detected (housekeeper delta=2m32s745ms806µs700ns).
