[INFO] Scanning for projects...
[INFO] 
[INFO] -------------------< com.plazoleta:usuarios-service >-------------------
[INFO] Building usuarios-service 0.0.1-SNAPSHOT
[INFO]   from pom.xml
[INFO] --------------------------------[ jar ]---------------------------------
[INFO] 
[INFO] >>> spring-boot:3.2.5:run (default-cli) > test-compile @ usuarios-service >>>
[INFO] 
[INFO] --- jacoco:0.8.12:prepare-agent (prepare-agent) @ usuarios-service ---
[INFO] argLine set to -javaagent:C:\\Users\\sebas\\.m2\\repository\\org\\jacoco\\org.jacoco.agent\\0.8.12\\org.jacoco.agent-0.8.12-runtime.jar=destfile=C:\\Users\\sebas\\OneDrive\\Escritorio\\proyecto-plazoleta\\usuarios-service\\target\\jacoco.exec
[INFO] 
[INFO] --- resources:3.3.1:resources (default-resources) @ usuarios-service ---
[INFO] Copying 1 resource from src\main\resources to target\classes
[INFO] Copying 1 resource from src\main\resources to target\classes
[INFO] 
[INFO] --- compiler:3.11.0:compile (default-compile) @ usuarios-service ---
[INFO] Nothing to compile - all classes are up to date
[INFO] 
[INFO] --- resources:3.3.1:testResources (default-testResources) @ usuarios-service ---
[INFO] skip non existing resourceDirectory C:\Users\sebas\OneDrive\Escritorio\proyecto-plazoleta\usuarios-service\src\test\resources
[INFO] 
[INFO] --- compiler:3.11.0:testCompile (default-testCompile) @ usuarios-service ---
[INFO] Nothing to compile - all classes are up to date
[INFO] 
[INFO] <<< spring-boot:3.2.5:run (default-cli) < test-compile @ usuarios-service <<<
[INFO] 
[INFO] 
[INFO] --- spring-boot:3.2.5:run (default-cli) @ usuarios-service ---
[INFO] Attaching agents: []

  .   ____          _            __ _ _
 /\\ / ___'_ __ _ _(_)_ __  __ _ \ \ \ \
( ( )\___ | '_ | '_| | '_ \/ _` | \ \ \ \
 \\/  ___)| |_)| | | | | || (_| |  ) ) ) )
  '  |____| .__|_| |_|_| |_\__, | / / / /
 =========|_|==============|___/=/_/_/_/
 :: Spring Boot ::                (v3.2.5)

2026-02-21T17:58:18.518-05:00  INFO 12284 --- [usuarios-service] [  restartedMain] c.p.u.UsuariosServiceApplication         : Starting UsuariosServiceApplication using Java 21.0.2 with PID 12284 (C:\Users\sebas\OneDrive\Escritorio\proyecto-plazoleta\usuarios-service\target\classes started by sebas in C:\Users\sebas\OneDrive\Escritorio\proyecto-plazoleta\usuarios-service)
2026-02-21T17:58:18.523-05:00  INFO 12284 --- [usuarios-service] [  restartedMain] c.p.u.UsuariosServiceApplication         : No active profile set, falling back to 1 default profile: "default"
2026-02-21T17:58:18.591-05:00  INFO 12284 --- [usuarios-service] [  restartedMain] .e.DevToolsPropertyDefaultsPostProcessor : Devtools property defaults active! Set 'spring.devtools.add-properties' to 'false' to disable
2026-02-21T17:58:18.591-05:00  INFO 12284 --- [usuarios-service] [  restartedMain] .e.DevToolsPropertyDefaultsPostProcessor : For additional web related logging consider setting the 'logging.level.web' property to 'DEBUG'
2026-02-21T17:58:19.873-05:00  INFO 12284 --- [usuarios-service] [  restartedMain] .s.d.r.c.RepositoryConfigurationDelegate : Bootstrapping Spring Data JPA repositories in DEFAULT mode.
2026-02-21T17:58:19.980-05:00  INFO 12284 --- [usuarios-service] [  restartedMain] .s.d.r.c.RepositoryConfigurationDelegate : Finished Spring Data repository scanning in 89 ms. Found 2 JPA repository interfaces.
2026-02-21T17:58:20.348-05:00  INFO 12284 --- [usuarios-service] [  restartedMain] o.s.cloud.context.scope.GenericScope     : BeanFactory id=e0476073-a44d-3554-9010-cd567c85d135
2026-02-21T17:58:21.137-05:00  INFO 12284 --- [usuarios-service] [  restartedMain] o.s.b.w.embedded.tomcat.TomcatWebServer  : Tomcat initialized with port 8080 (http)
2026-02-21T17:58:21.161-05:00  INFO 12284 --- [usuarios-service] [  restartedMain] o.apache.catalina.core.StandardService   : Starting service [Tomcat]
2026-02-21T17:58:21.162-05:00  INFO 12284 --- [usuarios-service] [  restartedMain] o.apache.catalina.core.StandardEngine    : Starting Servlet engine: [Apache Tomcat/10.1.20]
2026-02-21T17:58:21.247-05:00  INFO 12284 --- [usuarios-service] [  restartedMain] o.a.c.c.C.[Tomcat].[localhost].[/]       : Initializing Spring embedded WebApplicationContext
2026-02-21T17:58:21.249-05:00  INFO 12284 --- [usuarios-service] [  restartedMain] w.s.c.ServletWebServerApplicationContext : Root WebApplicationContext: initialization completed in 2655 ms
2026-02-21T17:58:21.512-05:00  INFO 12284 --- [usuarios-service] [  restartedMain] o.hibernate.jpa.internal.util.LogHelper  : HHH000204: Processing PersistenceUnitInfo [name: default]
2026-02-21T17:58:21.604-05:00  INFO 12284 --- [usuarios-service] [  restartedMain] org.hibernate.Version                    : HHH000412: Hibernate ORM core version 6.4.4.Final
2026-02-21T17:58:21.662-05:00  INFO 12284 --- [usuarios-service] [  restartedMain] o.h.c.internal.RegionFactoryInitiator    : HHH000026: Second-level cache disabled
2026-02-21T17:58:22.036-05:00  INFO 12284 --- [usuarios-service] [  restartedMain] o.s.o.j.p.SpringPersistenceUnitInfo      : No LoadTimeWeaver setup: ignoring JPA class transformer
2026-02-21T17:58:22.083-05:00  INFO 12284 --- [usuarios-service] [  restartedMain] com.zaxxer.hikari.HikariDataSource       : HikariPool-1 - Starting...
2026-02-21T17:58:22.568-05:00  INFO 12284 --- [usuarios-service] [  restartedMain] com.zaxxer.hikari.pool.HikariPool        : HikariPool-1 - Added connection com.mysql.cj.jdbc.ConnectionImpl@1d300616
2026-02-21T17:58:22.579-05:00  INFO 12284 --- [usuarios-service] [  restartedMain] com.zaxxer.hikari.HikariDataSource       : HikariPool-1 - Start completed.
2026-02-21T17:58:24.166-05:00  INFO 12284 --- [usuarios-service] [  restartedMain] o.h.e.t.j.p.i.JtaPlatformInitiator       : HHH000489: No JTA platform available (set 'hibernate.transaction.jta.platform' to enable JTA platform integration)
2026-02-21T17:58:24.292-05:00  INFO 12284 --- [usuarios-service] [  restartedMain] j.LocalContainerEntityManagerFactoryBean : Initialized JPA EntityManagerFactory for persistence unit 'default'
2026-02-21T17:58:25.092-05:00  WARN 12284 --- [usuarios-service] [  restartedMain] JpaBaseConfiguration$JpaWebConfiguration : spring.jpa.open-in-view is enabled by default. Therefore, database queries may be performed during view rendering. Explicitly configure spring.jpa.open-in-view to disable this warning
2026-02-21T17:58:25.147-05:00  INFO 12284 --- [usuarios-service] [  restartedMain] o.s.b.d.a.OptionalLiveReloadServer       : LiveReload server is running on port 35729
2026-02-21T17:58:25.327-05:00  WARN 12284 --- [usuarios-service] [  restartedMain] .s.s.UserDetailsServiceAutoConfiguration : 

Using generated security password: 5a922601-a82c-44a0-a335-6a197683d452

This generated password is for development use only. Your security configuration must be updated before running your application in production.

2026-02-21T17:58:25.837-05:00  INFO 12284 --- [usuarios-service] [  restartedMain] o.s.s.web.DefaultSecurityFilterChain     : Will secure any request with [org.springframework.security.web.session.DisableEncodeUrlFilter@2cf4422, org.springframework.security.web.context.request.async.WebAsyncManagerIntegrationFilter@3b7bedea, org.springframework.security.web.context.SecurityContextHolderFilter@6f156840, org.springframework.security.web.header.HeaderWriterFilter@548fc88e, org.springframework.web.filter.CorsFilter@18785da7, org.springframework.security.web.authentication.logout.LogoutFilter@3dc4aa51, com.plazoleta.usuarios_service.infrastructure.security.filter.JwtAuthenticationFilter@12bce9d4, org.springframework.security.web.savedrequest.RequestCacheAwareFilter@7e3d289b, org.springframework.security.web.servletapi.SecurityContextHolderAwareRequestFilter@10a3e7b3, org.springframework.security.web.authentication.AnonymousAuthenticationFilter@17da1f9, org.springframework.security.web.session.SessionManagementFilter@55c27e2f, org.springframework.security.web.access.ExceptionTranslationFilter@2e2b3bd, org.springframework.security.web.access.intercept.AuthorizationFilter@5dec9c25]
2026-02-21T17:58:27.288-05:00  INFO 12284 --- [usuarios-service] [  restartedMain] o.s.cloud.commons.util.InetUtils         : Cannot determine local hostname
2026-02-21T17:58:27.353-05:00  INFO 12284 --- [usuarios-service] [  restartedMain] o.s.b.w.embedded.tomcat.TomcatWebServer  : Tomcat started on port 8080 (http) with context path ''
2026-02-21T17:58:28.366-05:00  INFO 12284 --- [usuarios-service] [  restartedMain] o.s.cloud.commons.util.InetUtils         : Cannot determine local hostname
2026-02-21T17:58:28.383-05:00  INFO 12284 --- [usuarios-service] [  restartedMain] c.p.u.UsuariosServiceApplication         : Started UsuariosServiceApplication in 11.397 seconds (process running for 12.081)
2026-02-21T17:59:41.889-05:00  INFO 12284 --- [usuarios-service] [nio-8080-exec-1] o.a.c.c.C.[Tomcat].[localhost].[/]       : Initializing Spring DispatcherServlet 'dispatcherServlet'
2026-02-21T17:59:41.890-05:00  INFO 12284 --- [usuarios-service] [nio-8080-exec-1] o.s.web.servlet.DispatcherServlet        : Initializing Servlet 'dispatcherServlet'
2026-02-21T17:59:41.892-05:00  INFO 12284 --- [usuarios-service] [nio-8080-exec-1] o.s.web.servlet.DispatcherServlet        : Completed initialization in 2 ms
